Выберите метод ввода (вручную - 1, из файла - 2): 
Введите количество основных переменных задачи: 
Введите коэфициент целевой функции при X1: Введите коэфициент целевой функции при X2: Введите коэфициент целевой функции при X3: 
Введите направление целевой функции (max, min): 
Введите коэффициент при X1 для 1-го неравенстве: Введите коэффициент при X2 для 1-го неравенстве: Введите коэффициент при X3 для 1-го неравенстве: 
Введите коэффициент при X1 для 2-го неравенстве: Введите коэффициент при X2 для 2-го неравенстве: Введите коэффициент при X3 для 2-го неравенстве: 
Введите коэффициент при X1 для 3-го неравенстве: Введите коэффициент при X2 для 3-го неравенстве: Введите коэффициент при X3 для 3-го неравенстве: 
Введите значение свободного члена для 1-го неравенства: Введите значение свободного члена для 2-го неравенства: Введите значение свободного члена для 3-го неравенства: 


Целевая функция не ограничена. Задача с данным условием не имеет решений.

X4 = 1100
X5 = 120
X6 = 8000

F(X) = 0

